
DELL@DESKTOP-QPR6TH0 MINGW64 ~
$ cd

DELL@DESKTOP-QPR6TH0 MINGW64 ~
$ cd c/
bash: cd: c/: No such file or directory

DELL@DESKTOP-QPR6TH0 MINGW64 ~
$ cd /c

DELL@DESKTOP-QPR6TH0 MINGW64 /c
$ ls
'$Recycle.Bin'/             git/             'Program Files (x86)'/
'$WINDOWS.~BT'/             hiberfil.sys      ProgramData/
 Apps/                      Intel/            Recovery/
 Dell/                      MSOCache/         swapfile.sys
 dell.sdr                   pagefile.sys     'System Volume Information'/
'Documents and Settings'@   PerfLogs/         Users/
 Drivers/                  'Program Files'/   Windows/

DELL@DESKTOP-QPR6TH0 MINGW64 /c
$ cd git/

DELL@DESKTOP-QPR6TH0 MINGW64 /c/git
$ ls
TestGit/

DELL@DESKTOP-QPR6TH0 MINGW64 /c/git
$ git config --global user.name "paulkanda2002"

DELL@DESKTOP-QPR6TH0 MINGW64 /c/git
$ git config --global user.email paulkanda2002@yahoo.com

DELL@DESKTOP-QPR6TH0 MINGW64 /c/git
$ git clone https://github.com/paul2002/TestGit.git
fatal: destination path 'TestGit' already exists and is not an empty directory.

DELL@DESKTOP-QPR6TH0 MINGW64 /c/git
$ ls
TestGit/

DELL@DESKTOP-QPR6TH0 MINGW64 /c/git
$ cd TestGit/

DELL@DESKTOP-QPR6TH0 MINGW64 /c/git/TestGit (master)
$ ls
README.md  test.txt

DELL@DESKTOP-QPR6TH0 MINGW64 /c/git/TestGit (master)
$ git add test.txt

DELL@DESKTOP-QPR6TH0 MINGW64 /c/git/TestGit (master)
$ git status
On branch master
Your branch is up to date with 'origin/master'.

Changes to be committed:
  (use "git reset HEAD <file>..." to unstage)

        new file:   test.txt
        new file:   text.txt

Changes not staged for commit:
  (use "git add/rm <file>..." to update what will be committed)
  (use "git checkout -- <file>..." to discard changes in working directory)

        deleted:    text.txt


DELL@DESKTOP-QPR6TH0 MINGW64 /c/git/TestGit (master)
$ git commit -m "first commit" test.txt
[master db60948] first commit
 1 file changed, 1 insertion(+)
 create mode 100644 test.txt

DELL@DESKTOP-QPR6TH0 MINGW64 /c/git/TestGit (master)
$ git push -u origin master
Logon failed, use ctrl+c to cancel basic credential prompt.
Username for 'https://github.com': paulkanda2002
remote: Invalid username or password.
fatal: Authentication failed for 'https://github.com/paul2002/TestGit.git/'

DELL@DESKTOP-QPR6TH0 MINGW64 /c/git/TestGit (master)
$ git push -u origin master
Counting objects: 3, done.
Delta compression using up to 8 threads.
Compressing objects: 100% (2/2), done.
Writing objects: 100% (3/3), 306 bytes | 306.00 KiB/s, done.
Total 3 (delta 0), reused 0 (delta 0)
To https://github.com/paul2002/TestGit.git
   f09f8f2..db60948  master -> master
Branch 'master' set up to track remote branch 'master' from 'origin'.

DELL@DESKTOP-QPR6TH0 MINGW64 /c/git/TestGit (master)
$ git status
On branch master
Your branch is up to date with 'origin/master'.

Changes to be committed:
  (use "git reset HEAD <file>..." to unstage)

        new file:   text.txt

Changes not staged for commit:
  (use "git add/rm <file>..." to update what will be committed)
  (use "git checkout -- <file>..." to discard changes in working directory)

        modified:   test.txt
        deleted:    text.txt


DELL@DESKTOP-QPR6TH0 MINGW64 /c/git/TestGit (master)
$ git commit -m "second commit" test.txt
[master a21fb00] second commit
 1 file changed, 2 insertions(+), 1 deletion(-)

DELL@DESKTOP-QPR6TH0 MINGW64 /c/git/TestGit (master)
$ git push -u origin master
Counting objects: 3, done.
Delta compression using up to 8 threads.
Compressing objects: 100% (3/3), done.
Writing objects: 100% (3/3), 329 bytes | 329.00 KiB/s, done.
Total 3 (delta 0), reused 0 (delta 0)
To https://github.com/paul2002/TestGit.git
   db60948..a21fb00  master -> master
Branch 'master' set up to track remote branch 'master' from 'origin'.

DELL@DESKTOP-QPR6TH0 MINGW64 /c/git/TestGit (master)
$










MORE RECENT:


DELL@DESKTOP-QPR6TH0 MINGW64 ~
$ cd

DELL@DESKTOP-QPR6TH0 MINGW64 ~
$ cd c/
bash: cd: c/: No such file or directory

DELL@DESKTOP-QPR6TH0 MINGW64 ~
$ cd /c

DELL@DESKTOP-QPR6TH0 MINGW64 /c
$ ls
'$Recycle.Bin'/             git/             'Program Files (x86)'/
'$WINDOWS.~BT'/             hiberfil.sys      ProgramData/
 Apps/                      Intel/            Recovery/
 Dell/                      MSOCache/         swapfile.sys
 dell.sdr                   pagefile.sys     'System Volume Information'/
'Documents and Settings'@   PerfLogs/         Users/
 Drivers/                  'Program Files'/   Windows/

DELL@DESKTOP-QPR6TH0 MINGW64 /c
$ cd git/

DELL@DESKTOP-QPR6TH0 MINGW64 /c/git
$ ls
TestGit/

DELL@DESKTOP-QPR6TH0 MINGW64 /c/git
$ git config --global user.name "paulkanda2002"

DELL@DESKTOP-QPR6TH0 MINGW64 /c/git
$ git config --global user.email paulkanda2002@yahoo.com

DELL@DESKTOP-QPR6TH0 MINGW64 /c/git
$ git clone https://github.com/paul2002/TestGit.git
fatal: destination path 'TestGit' already exists and is not an empty directory.

DELL@DESKTOP-QPR6TH0 MINGW64 /c/git
$ ls
TestGit/

DELL@DESKTOP-QPR6TH0 MINGW64 /c/git
$ cd TestGit/

DELL@DESKTOP-QPR6TH0 MINGW64 /c/git/TestGit (master)
$ ls
README.md  test.txt

DELL@DESKTOP-QPR6TH0 MINGW64 /c/git/TestGit (master)
$ git add test.txt

DELL@DESKTOP-QPR6TH0 MINGW64 /c/git/TestGit (master)
$ git status
On branch master
Your branch is up to date with 'origin/master'.

Changes to be committed:
  (use "git reset HEAD <file>..." to unstage)

        new file:   test.txt
        new file:   text.txt

Changes not staged for commit:
  (use "git add/rm <file>..." to update what will be committed)
  (use "git checkout -- <file>..." to discard changes in working directory)

        deleted:    text.txt


DELL@DESKTOP-QPR6TH0 MINGW64 /c/git/TestGit (master)
$ git commit -m "first commit" test.txt
[master db60948] first commit
 1 file changed, 1 insertion(+)
 create mode 100644 test.txt

DELL@DESKTOP-QPR6TH0 MINGW64 /c/git/TestGit (master)
$ git push -u origin master
Logon failed, use ctrl+c to cancel basic credential prompt.
Username for 'https://github.com': paulkanda2002
remote: Invalid username or password.
fatal: Authentication failed for 'https://github.com/paul2002/TestGit.git/'

DELL@DESKTOP-QPR6TH0 MINGW64 /c/git/TestGit (master)
$ git push -u origin master
Counting objects: 3, done.
Delta compression using up to 8 threads.
Compressing objects: 100% (2/2), done.
Writing objects: 100% (3/3), 306 bytes | 306.00 KiB/s, done.
Total 3 (delta 0), reused 0 (delta 0)
To https://github.com/paul2002/TestGit.git
   f09f8f2..db60948  master -> master
Branch 'master' set up to track remote branch 'master' from 'origin'.

DELL@DESKTOP-QPR6TH0 MINGW64 /c/git/TestGit (master)
$ git status
On branch master
Your branch is up to date with 'origin/master'.

Changes to be committed:
  (use "git reset HEAD <file>..." to unstage)

        new file:   text.txt

Changes not staged for commit:
  (use "git add/rm <file>..." to update what will be committed)
  (use "git checkout -- <file>..." to discard changes in working directory)

        modified:   test.txt
        deleted:    text.txt


DELL@DESKTOP-QPR6TH0 MINGW64 /c/git/TestGit (master)
$ git commit -m "second commit" test.txt
[master a21fb00] second commit
 1 file changed, 2 insertions(+), 1 deletion(-)

DELL@DESKTOP-QPR6TH0 MINGW64 /c/git/TestGit (master)
$ git push -u origin master
Counting objects: 3, done.
Delta compression using up to 8 threads.
Compressing objects: 100% (3/3), done.
Writing objects: 100% (3/3), 329 bytes | 329.00 KiB/s, done.
Total 3 (delta 0), reused 0 (delta 0)
To https://github.com/paul2002/TestGit.git
   db60948..a21fb00  master -> master
Branch 'master' set up to track remote branch 'master' from 'origin'.

DELL@DESKTOP-QPR6TH0 MINGW64 /c/git/TestGit (master)
$ git status
On branch master
Your branch is up to date with 'origin/master'.

Changes to be committed:
  (use "git reset HEAD <file>..." to unstage)

        new file:   text.txt

Changes not staged for commit:
  (use "git add/rm <file>..." to update what will be committed)
  (use "git checkout -- <file>..." to discard changes in working directory)

        deleted:    text.txt

Untracked files:
  (use "git add <file>..." to include in what will be committed)

        learning_git.docx


DELL@DESKTOP-QPR6TH0 MINGW64 /c/git/TestGit (master)
$ git add learning_git.txt
fatal: pathspec 'learning_git.txt' did not match any files

DELL@DESKTOP-QPR6TH0 MINGW64 /c/git/TestGit (master)
$ cd TestGit/
bash: cd: TestGit/: No such file or directory

DELL@DESKTOP-QPR6TH0 MINGW64 /c/git/TestGit (master)
$ ls
learning_git.docx  README.md  test.txt

DELL@DESKTOP-QPR6TH0 MINGW64 /c/git/TestGit (master)
$ cd

DELL@DESKTOP-QPR6TH0 MINGW64 ~
$ cd /git
bash: cd: /git: No such file or directory

DELL@DESKTOP-QPR6TH0 MINGW64 ~
$ ls
'$glove_dir'/
 ¡¸¿ªÊ¼¡¹²Ëµ¥@
'3D Objects'/
 AI-Introduction-master/
 Anaconda3/
 AppData/
'Application Data'@
 conda
 Contacts/
 Cookies@
 cv-tricks.com-master/
 DAT263x-demos/
 depy2016-master/
 Desktop/
 Documents/
 Downloads/
 Favorites/
 GTBank.txt
 IntelGraphicsProfiles/
'John 1.6-13.txt'
 kc_house_data.gl/
 keras_first_network.ipynb
'keras_tutorial1_Functional_API .ipynb'
 keras_tutorial1_Sequential_models.ipynb
 Links/
'Local Settings'@
 MicrosoftEdgeBackups/
 MNIST_data/
 Music/
'My Documents'@
 my_model.h5
 NetHood@
 NTUSER.DAT
 ntuser.dat.LOG1
 ntuser.dat.LOG2
 NTUSER.DAT{c0b3dd4e-4501-11e8-aaa8-f48e38f97e2b}.TM.blf
 NTUSER.DAT{c0b3dd4e-4501-11e8-aaa8-f48e38f97e2b}.TMContainer00000000000000000001.regtrans-ms
 NTUSER.DAT{c0b3dd4e-4501-11e8-aaa8-f48e38f97e2b}.TMContainer00000000000000000002.regtrans-ms
 ntuser.ini
 OneDrive/
 Pictures/
 pima-indians-diabetes.csv.txt
 pima-indians-diabetes.names.txt
 PrintHood@
 python
 Recent@
 Roaming/
'Saved Games'/
 Searches/
 SendTo@
'Simple LSTM for Sequence Classification.ipynb'
 Templates@
 tutorial-2-image-classifier/
 Untitled.ipynb
 Untitled1.ipynb
 Untitled2.ipynb
 Untitled3.ipynb
 Untitled4.ipynb
 Videos/
 week-3-polynomial-regression-assignment-blank.ipynb/

DELL@DESKTOP-QPR6TH0 MINGW64 ~
$ cd /c

DELL@DESKTOP-QPR6TH0 MINGW64 /c
$ cd git

DELL@DESKTOP-QPR6TH0 MINGW64 /c/git
$ git Testgit
git: 'Testgit' is not a git command. See 'git --help'.

DELL@DESKTOP-QPR6TH0 MINGW64 /c/git
$ cd TestGit/

DELL@DESKTOP-QPR6TH0 MINGW64 /c/git/TestGit (master)
$ ls
learning_git.docx  README.md  test.txt

DELL@DESKTOP-QPR6TH0 MINGW64 /c/git/TestGit (master)
$ git add learning_git.docx

DELL@DESKTOP-QPR6TH0 MINGW64 /c/git/TestGit (master)
$ git status
On branch master
Your branch is up to date with 'origin/master'.

Changes to be committed:
  (use "git reset HEAD <file>..." to unstage)

        new file:   learning_git.docx
        new file:   text.txt

Changes not staged for commit:
  (use "git add/rm <file>..." to update what will be committed)
  (use "git checkout -- <file>..." to discard changes in working directory)

        deleted:    text.txt


DELL@DESKTOP-QPR6TH0 MINGW64 /c/git/TestGit (master)
$ git commit -m "third commit" learning_git.docx
[master fc9aedf] third commit
 1 file changed, 0 insertions(+), 0 deletions(-)
 create mode 100644 learning_git.docx

DELL@DESKTOP-QPR6TH0 MINGW64 /c/git/TestGit (master)
$ git push -u origin master
Counting objects: 3, done.
Delta compression using up to 8 threads.
Compressing objects: 100% (3/3), done.
Writing objects: 100% (3/3), 4.67 KiB | 4.67 MiB/s, done.
Total 3 (delta 0), reused 0 (delta 0)
To https://github.com/paul2002/TestGit.git
   a21fb00..fc9aedf  master -> master
Branch 'master' set up to track remote branch 'master' from 'origin'.

DELL@DESKTOP-QPR6TH0 MINGW64 /c/git/TestGit (master)
$ cd TestGit/
bash: cd: TestGit/: No such file or directory

DELL@DESKTOP-QPR6TH0 MINGW64 /c/git/TestGit (master)
$ cd

DELL@DESKTOP-QPR6TH0 MINGW64 ~
$ cd TestGit/
bash: cd: TestGit/: No such file or directory

DELL@DESKTOP-QPR6TH0 MINGW64 ~
$ cd /c

DELL@DESKTOP-QPR6TH0 MINGW64 /c
$ ls
'$Recycle.Bin'/             git/             'Program Files (x86)'/
'$WINDOWS.~BT'/             hiberfil.sys      ProgramData/
 Apps/                      Intel/            Recovery/
 Dell/                      MSOCache/         swapfile.sys
 dell.sdr                   pagefile.sys     'System Volume Information'/
'Documents and Settings'@   PerfLogs/         Users/
 Drivers/                  'Program Files'/   Windows/

DELL@DESKTOP-QPR6TH0 MINGW64 /c
$ cd git/

DELL@DESKTOP-QPR6TH0 MINGW64 /c/git
$ ls
TestGit/

DELL@DESKTOP-QPR6TH0 MINGW64 /c/git
$ cd TestGit/

DELL@DESKTOP-QPR6TH0 MINGW64 /c/git/TestGit (master)
$ ls
learning_git.docx  learning_git.txt  README.md  test.txt

DELL@DESKTOP-QPR6TH0 MINGW64 /c/git/TestGit (master)
$ git add learning_git.txt

DELL@DESKTOP-QPR6TH0 MINGW64 /c/git/TestGit (master)
$ git status
On branch master
Your branch is up to date with 'origin/master'.

Changes to be committed:
  (use "git reset HEAD <file>..." to unstage)

        new file:   learning_git.txt
        new file:   text.txt

Changes not staged for commit:
  (use "git add/rm <file>..." to update what will be committed)
  (use "git checkout -- <file>..." to discard changes in working directory)

        modified:   learning_git.docx
        deleted:    text.txt


DELL@DESKTOP-QPR6TH0 MINGW64 /c/git/TestGit (master)
$ git commit -m "fourth commit" learning_git.txt
[master bfbc5db] fourth commit
 1 file changed, 130 insertions(+)
 create mode 100644 learning_git.txt

DELL@DESKTOP-QPR6TH0 MINGW64 /c/git/TestGit (master)
$ git push -u origin master
Counting objects: 3, done.
Delta compression using up to 8 threads.
Compressing objects: 100% (3/3), done.
Writing objects: 100% (3/3), 1.38 KiB | 1.38 MiB/s, done.
Total 3 (delta 0), reused 0 (delta 0)
To https://github.com/paul2002/TestGit.git
   fc9aedf..bfbc5db  master -> master
Branch 'master' set up to track remote branch 'master' from 'origin'.

DELL@DESKTOP-QPR6TH0 MINGW64 /c/git/TestGit (master)
$
